src/config/cloudinary.ts(1,10): error TS2614: Module '"cloudinary"' has no exported member 'v2'. Did you mean to use 'import v2 from "cloudinary"' instead?
src/config/cloudinary.ts(2,20): error TS2792: Cannot find module 'dotenv'. Did you mean to set the 'moduleResolution' option to 'nodenext', or to add aliases to the 'paths' option?
src/config/razorpay.ts(1,8): error TS1192: Module '"C:/Users/manik/OneDrive/Desktop/xoon to submit/server/src/config/razorpay"' has no default export.
src/config/razorpay.ts(3,20): error TS2792: Cannot find module 'dotenv'. Did you mean to set the 'moduleResolution' option to 'nodenext', or to add aliases to the 'paths' option?
src/index.ts(2,22): error TS2792: Cannot find module 'mongoose'. Did you mean to set the 'moduleResolution' option to 'nodenext', or to add aliases to the 'paths' option?
src/index.ts(4,20): error TS2792: Cannot find module 'dotenv'. Did you mean to set the 'moduleResolution' option to 'nodenext', or to add aliases to the 'paths' option?
src/index.ts(7,23): error TS2792: Cannot find module 'express-rate-limit'. Did you mean to set the 'moduleResolution' option to 'nodenext', or to add aliases to the 'paths' option?
src/middleware/upload.ts(2,35): error TS2792: Cannot find module 'multer-storage-cloudinary'. Did you mean to set the 'moduleResolution' option to 'nodenext', or to add aliases to the 'paths' option?
src/models/Broadcast.ts(1,44): error TS2792: Cannot find module 'mongoose'. Did you mean to set the 'moduleResolution' option to 'nodenext', or to add aliases to the 'paths' option?
src/models/Chapter.ts(1,44): error TS2792: Cannot find module 'mongoose'. Did you mean to set the 'moduleResolution' option to 'nodenext', or to add aliases to the 'paths' option?
src/models/Meeting.ts(1,44): error TS2792: Cannot find module 'mongoose'. Did you mean to set the 'moduleResolution' option to 'nodenext', or to add aliases to the 'paths' option?
src/models/Notification.ts(1,44): error TS2792: Cannot find module 'mongoose'. Did you mean to set the 'moduleResolution' option to 'nodenext', or to add aliases to the 'paths' option?
src/models/Payment.ts(1,44): error TS2792: Cannot find module 'mongoose'. Did you mean to set the 'moduleResolution' option to 'nodenext', or to add aliases to the 'paths' option?
src/models/PlatformSettings.ts(1,44): error TS2792: Cannot find module 'mongoose'. Did you mean to set the 'moduleResolution' option to 'nodenext', or to add aliases to the 'paths' option?
src/models/Referral.ts(1,44): error TS2792: Cannot find module 'mongoose'. Did you mean to set the 'moduleResolution' option to 'nodenext', or to add aliases to the 'paths' option?
src/models/SupportMessage.ts(1,44): error TS2792: Cannot find module 'mongoose'. Did you mean to set the 'moduleResolution' option to 'nodenext', or to add aliases to the 'paths' option?
src/models/SystemAlert.ts(1,44): error TS2792: Cannot find module 'mongoose'. Did you mean to set the 'moduleResolution' option to 'nodenext', or to add aliases to the 'paths' option?
src/models/User.ts(1,44): error TS2792: Cannot find module 'mongoose'. Did you mean to set the 'moduleResolution' option to 'nodenext', or to add aliases to the 'paths' option?
src/models/Visitor.ts(1,44): error TS2792: Cannot find module 'mongoose'. Did you mean to set the 'moduleResolution' option to 'nodenext', or to add aliases to the 'paths' option?
